Java HotSpot(TM) 64-Bit Server VM (24.80-b11) for linux-amd64 JRE (1.7.0_80-b15), built on Apr 10 2015 19:53:14 by "java_re" with gcc 4.3.0 20080428 (Red Hat 4.3.0-8)
Memory: 4k page, physical 4045392k(1042096k free), swap 2096124k(2096116k free)
CommandLine flags: -XX:+CMSIncrementalMode -XX:InitialHeapSize=64726272 -XX:MaxHeapSize=1035620352 -XX:MaxNewSize=174485504 -XX:MaxTenuringThreshold=6 -XX:OldPLABSize=16 -XX:+PrintGC -XX:+PrintGCTimeStamps -XX:+UseCompressedOops -XX:+UseConcMarkSweepGC -XX:+UseParNewGC 
0.081: [GC 16960K->18126K(61184K), 0.1188370 secs]
0.206: [GC 25866K(61184K), 0.0058090 secs]
0.234: [GC 35086K->37253K(61184K), 0.0482240 secs]
0.316: [GC 54213K->56819K(74048K), 0.0449040 secs]
0.395: [GC 73779K->76392K(93632K), 0.0464340 secs]
0.465: [GC 93333K->96026K(113216K), 0.0462270 secs]
0.533: [GC 112986K->115640K(132800K), 0.0447620 secs]
0.596: [GC 132600K->135244K(152576K), 0.0458170 secs]
0.661: [GC 152204K->154875K(172160K), 0.0465510 secs]
0.727: [GC 171835K->174501K(191744K), 0.0525390 secs]
0.801: [GC 191461K->194091K(211328K), 0.0441240 secs]
0.864: [GC 211051K->213693K(230912K), 0.0486140 secs]
0.928: [GC 230653K->233381K(250688K), 0.0519320 secs]
1.000: [GC 250341K->252865K(270080K), 0.0484430 secs]
1.067: [GC 269825K->272620K(289856K), 0.0483050 secs]
1.139: [GC 289580K->292184K(309440K), 0.0469150 secs]
1.200: [GC 309144K->311899K(329216K), 0.0478900 secs]
1.268: [GC 328859K->331442K(348608K), 0.0487190 secs]
1.342: [GC 348402K->351122K(368384K), 0.0463330 secs]
1.406: [GC 368082K->370676K(387968K), 0.0470670 secs]
1.472: [GC 387636K->390367K(407552K), 0.0493430 secs]
1.544: [GC 407327K->409609K(426944K), 0.0496490 secs]
1.635: [GC 426569K->429172K(446528K), 0.0459640 secs]
1.716: [GC 446132K->448797K(466112K), 0.0634010 secs]
1.820: [GC 465757K->468404K(485696K), 0.0474700 secs]
1.901: [GC 485364K->488005K(505280K), 0.0485400 secs]
1.982: [GC 504965K->507608K(524864K), 0.0475900 secs]
2.063: [GC 524568K->527197K(544448K), 0.0447270 secs]
2.148: [GC 544157K->546789K(564032K), 0.0466260 secs]
2.233: [GC 563721K->566397K(583616K), 0.0522270 secs]
2.345: [GC 583357K->586010K(603200K), 0.0475540 secs]
2.437: [GC 602970K->605547K(622784K), 0.0463820 secs]
2.517: [GC 622486K->625087K(642368K), 0.0498120 secs]
2.606: [GC 642047K->644682K(661952K), 0.0534290 secs]
2.692: [GC 661642K->664274K(681536K), 0.0502280 secs]
2.778: [GC 681234K->683823K(701120K), 0.0479490 secs]
2.856: [GC 700783K->703344K(720704K), 0.0473690 secs]
2.932: [GC 720304K->723050K(740288K), 0.0518760 secs]
3.014: [GC 740010K->742641K(759872K), 0.0478600 secs]
3.095: [GC 759601K->762225K(779456K), 0.0523270 secs]
3.179: [GC 779185K->781713K(799040K), 0.0532880 secs]
3.261: [GC 798673K->801367K(818624K), 0.0527670 secs]
3.345: [GC 818327K->820909K(838208K), 0.0506060 secs]
3.424: [GC 837869K->840488K(857792K), 0.0492070 secs]
4.014: [Full GC 857431K->37493K(857792K), 0.3225040 secs]
4.364: [GC 100538K(994688K), 0.0460060 secs]
4.466: [GC 173813K->227890K(994688K), 0.3019840 secs]
4.838: [GC 364210K->405461K(994688K), 0.5282640 secs]
5.419: [GC 541781K->565985K(994688K), 0.3197930 secs]
